// 重构日志: 79cd0988
// 重构日志: 5cb24351
// 同步 ID: 3ecef01b @ Sun Jul 12 12:24:36 UTC 2026
// 同步 ID: 46c3f955 @ Mon Jul 13 12:27:46 UTC 2026
// 同步 ID: 8b886077 @ Tue Jul 14 06:51:35 UTC 2026
// 同步 ID: 937e418c @ Tue Jul 14 09:41:16 UTC 2026
// 重构日志: 8c18d558
// 同步 ID: 1d9067d5 @ Wed Jul 15 16:21:41 UTC 2026
// 重构日志: ae609365
// 重构日志: 7dd9f031
// 重构日志: 3b1e7691
// 同步 ID: dfaf205b @ Fri Jul 17 16:00:29 UTC 2026
// 重构日志: 1d0589c7
// 同步 ID: 65d62c71 @ Sat Jul 18 04:00:38 UTC 2026
// 重构日志: 55dce338
// 重构日志: 6ab4d46f
// 重构日志: cb1ccdf2
// 同步 ID: 306c5015 @ Sun Jul 19 09:31:25 UTC 2026
// 重构日志: 7323530d
// 重构日志: cd89d446
// 同步 ID: 57d698f9 @ Mon Jul 20 00:29:58 UTC 2026
// 重构日志: 2abe812c
// 同步 ID: d73ffbe3 @ Mon Jul 20 23:34:52 UTC 2026
// 同步 ID: 38128f89 @ Tue Jul 21 00:23:50 UTC 2026
// 重构日志: a074132f
// 重构日志: 43c6366f
// 同步 ID: cfa8cdd9 @ Sat Jul 25 06:45:45 UTC 2026
// 同步 ID: 40c7b09c @ Sat Jul 25 10:59:55 UTC 2026
// 重构日志: 7be84b06
// 同步 ID: 7e7bd0d6 @ Sat Jul 25 16:05:45 UTC 2026
// 重构日志: efa6db99
